C 50000

V 2020

CAVOID <118>
CBACKGROUND 
CEXITS <278>
CHIDE <168>
CINVISIBLE <208>
CPATHS <138>
CROOMS <178>
CSYMBOLS <128>
CUSER <258>

F 12

G 0

I 2923

L {ASCII NESW LINE} {NO EXITS} {x}
L {ASCII NESW LINE} {N} {o}
L {ASCII NESW LINE} {  E} {o}
L {ASCII NESW LINE} {N E} {+}
L {ASCII NESW LINE} {    S} {o}
L {ASCII NESW LINE} {N   S} {|}
L {ASCII NESW LINE} {  E S} {+}
L {ASCII NESW LINE} {N E S} {+}
L {ASCII NESW LINE} {      W} {o}
L {ASCII NESW LINE} {N     W} {+}
L {ASCII NESW LINE} {  E   W} {-}
L {ASCII NESW LINE} {N E   W} {+}
L {ASCII NESW LINE} {    S W} {+}
L {ASCII NESW LINE} {N   S W} {+}
L {ASCII NESW LINE} {  E S W} {+}
L {ASCII NESW LINE} {N E S W} {+}
L {ASCII NESW MISC} {USER} {x}
L {ASCII NESW MISC} {DIR UNKNOWN} {+}
L {ASCII NESW MISC} {N S VOID} {|}
L {ASCII NESW MISC} {E W VOID} {-}
L {ASCII NESW CURVED} {N E CURVED} {+}
L {ASCII NESW CURVED} {S E CURVED} {+}
L {ASCII NESW CURVED} {S W CURVED} {+}
L {ASCII NESW CURVED} {N W CURVED} {+}
L {ASCII NESW DIRS} {DIR N} {|}
L {ASCII NESW DIRS} {DIR NE} {/}
L {ASCII NESW DIRS} {DIR E} {-}
L {ASCII NESW DIRS} {DIR SE} {\\}
L {ASCII NESW DIRS} {DIR S} {|}
L {ASCII NESW DIRS} {DIR SW} {/}
L {ASCII NESW DIRS} {DIR W} {-}
L {ASCII NESW DIRS} {DIR NW} {\\}
L {NESW LINE} {NO EXITS} {\u2B51}
L {NESW LINE} {N} {\u2579}
L {NESW LINE} {  E} {\u257A}
L {NESW LINE} {N E} {\u2517}
L {NESW LINE} {    S} {\u257B}
L {NESW LINE} {N   S} {\u2503}
L {NESW LINE} {  E S} {\u250F}
L {NESW LINE} {N E S} {\u2523}
L {NESW LINE} {      W} {\u2578}
L {NESW LINE} {N     W} {\u251B}
L {NESW LINE} {  E   W} {\u2501}
L {NESW LINE} {N E   W} {\u253B}
L {NESW LINE} {    S W} {\u2513}
L {NESW LINE} {N   S W} {\u252B}
L {NESW LINE} {  E S W} {\u2533}
L {NESW LINE} {N E S W} {\u254B}
L {NESW MISC} {USER} {\u2B51}
L {NESW MISC} {DIR UNKNOWN} {\u2012}
L {NESW MISC} {N S VOID} {\u2507}
L {NESW MISC} {E W VOID} {\u254D}
L {NESW CURVED} {N E CURVED} {\u2570}
L {NESW CURVED} {S E CURVED} {\u256D}
L {NESW CURVED} {S W CURVED} {\u256E}
L {NESW CURVED} {N W CURVED} {\u256F}
L {NESW DIRS} {DIR N} {\u2191}
L {NESW DIRS} {DIR NE} {\u2B08}
L {NESW DIRS} {DIR E} {\u2B95}
L {NESW DIRS} {DIR SE} {\u2b0A}
L {NESW DIRS} {DIR S} {\u2193}
L {NESW DIRS} {DIR SW} {\u2B0B}
L {NESW DIRS} {DIR W} {\u2B05}
L {NESW DIRS} {DIR NW} {\u2B09}
L {MUDFONT NWS} {NO EXITS} {\u28CF}
L {MUDFONT NWS} {N} {\u28C7}
L {MUDFONT NWS} {  NW} {\u28CE}
L {MUDFONT NWS} {N NW} {\u28C6}
L {MUDFONT NWS} {     W} {\u28C9}
L {MUDFONT NWS} {N    W} {\u28C1}
L {MUDFONT NWS} {  NW W} {\u28C8}
L {MUDFONT NWS} {N NW W} {\u28C0}
L {MUDFONT NWS} {       SW} {\u288F}
L {MUDFONT NWS} {N      SW} {\u2887}
L {MUDFONT NWS} {  NW   SW} {\u288E}
L {MUDFONT NWS} {N NW   SW} {\u2886}
L {MUDFONT NWS} {     W SW} {\u2889}
L {MUDFONT NWS} {N    W SW} {\u2881}
L {MUDFONT NWS} {  NW W SW} {\u2888}
L {MUDFONT NWS} {N NW W SW} {\u2880}
L {MUDFONT NWS} {          S} {\u284F}
L {MUDFONT NWS} {N         S} {\u2847}
L {MUDFONT NWS} {  NW      S} {\u284E}
L {MUDFONT NWS} {N NW      S} {\u2846}
L {MUDFONT NWS} {     W    S} {\u2849}
L {MUDFONT NWS} {N    W    S} {\u2841}
L {MUDFONT NWS} {  NW W    S} {\u2848}
L {MUDFONT NWS} {N NW W    S} {\u2880}
L {MUDFONT NWS} {       SW S} {\u280F}
L {MUDFONT NWS} {N      SW S} {\u2807}
L {MUDFONT NWS} {  NW   SW S} {\u280E}
L {MUDFONT NWS} {N NW   SW S} {\u2806}
L {MUDFONT NWS} {     W SW S} {\u2809}
L {MUDFONT NWS} {N    W SW S} {\u2801}
L {MUDFONT NWS} {  NW W SW S} {\u2808}
L {MUDFONT NWS} {N NW W SW S} {\u2800}
L {MUDFONT NES} {NO EXITS} {\u28F9}
L {MUDFONT NES} {N} {\u28F8}
L {MUDFONT NES} {  NE} {\u28F1}
L {MUDFONT NES} {N NE} {\u28F0}
L {MUDFONT NES} {     W} {\u28C9}
L {MUDFONT NES} {N    W} {\u28C8}
L {MUDFONT NES} {  NE W} {\u28C2}
L {MUDFONT NES} {N NE W} {\u28C0}
L {MUDFONT NES} {       SE} {\u2879}
L {MUDFONT NES} {N      SE} {\u2878}
L {MUDFONT NES} {  NE   SE} {\u2871}
L {MUDFONT NES} {N NE   SE} {\u2870}
L {MUDFONT NES} {     W SE} {\u2849}
L {MUDFONT NES} {N    W SE} {\u2848}
L {MUDFONT NES} {  NE W SE} {\u2842}
L {MUDFONT NES} {N NE W SE} {\u2840}
L {MUDFONT NES} {          S} {\u28B9}
L {MUDFONT NES} {N         S} {\u28B8}
L {MUDFONT NES} {  NE      S} {\u28B1}
L {MUDFONT NES} {N NE      S} {\u28B0}
L {MUDFONT NES} {     W    S} {\u2889}
L {MUDFONT NES} {N    W    S} {\u2888}
L {MUDFONT NES} {  NE W    S} {\u2882}
L {MUDFONT NES} {N NE W    S} {\u2880}
L {MUDFONT NES} {       SE S} {\u2839}
L {MUDFONT NES} {N      SE S} {\u2838}
L {MUDFONT NES} {  NE   SE S} {\u2831}
L {MUDFONT NES} {N NE   SE S} {\u2830}
L {MUDFONT NES} {     W SE S} {\u2809}
L {MUDFONT NES} {N    W SE S} {\u2808}
L {MUDFONT NES} {  NE W SE S} {\u2802}
L {MUDFONT NES} {N NE W SE S} {\u2800}
L {MUDFONT VOID NWS} {NO EXITS} {\u2830}
L {MUDFONT VOID NWS} {N} {\u2838}
L {MUDFONT VOID NWS} {  NW} {\u2831}
L {MUDFONT VOID NWS} {N NW} {\u2839}
L {MUDFONT VOID NWS} {     W} {\u2836}
L {MUDFONT VOID NWS} {N    W} {\u283E}
L {MUDFONT VOID NWS} {  NW W} {\u2837}
L {MUDFONT VOID NWS} {N NW W} {\u283F}
L {MUDFONT VOID NWS} {       SW} {\u2870}
L {MUDFONT VOID NWS} {N      SW} {\u2878}
L {MUDFONT VOID NWS} {  NW   SW} {\u2871}
L {MUDFONT VOID NWS} {N NW   SW} {\u2879}
L {MUDFONT VOID NWS} {     W SW} {\u2876}
L {MUDFONT VOID NWS} {N    W SW} {\u287E}
L {MUDFONT VOID NWS} {  NW W SW} {\u2877}
L {MUDFONT VOID NWS} {N NW W SW} {\u287F}
L {MUDFONT VOID NWS} {          S} {\u28B0}
L {MUDFONT VOID NWS} {N         S} {\u28B8}
L {MUDFONT VOID NWS} {  NW      S} {\u28B1}
L {MUDFONT VOID NWS} {N NW      S} {\u28B9}
L {MUDFONT VOID NWS} {     W    S} {\u28B6}
L {MUDFONT VOID NWS} {N    W    S} {\u28BE}
L {MUDFONT VOID NWS} {  NW W    S} {\u28B7}
L {MUDFONT VOID NWS} {N NW W    S} {\u28BF}
L {MUDFONT VOID NWS} {       SW S} {\u28F0}
L {MUDFONT VOID NWS} {N      SW S} {\u28F8}
L {MUDFONT VOID NWS} {  NW   SW S} {\u28F1}
L {MUDFONT VOID NWS} {N NW   SW S} {\u28F9}
L {MUDFONT VOID NWS} {     W SW S} {\u28F6}
L {MUDFONT VOID NWS} {N    W SW S} {\u28FE}
L {MUDFONT VOID NWS} {  NW W SW S} {\u28F7}
L {MUDFONT VOID NWS} {N NW W SW S} {\u28FF}
L {MUDFONT VOID NES} {NO EXITS} {\u2806}
L {MUDFONT VOID NES} {N} {\u2807}
L {MUDFONT VOID NES} {  NE} {\u280E}
L {MUDFONT VOID NES} {N NE} {\u280F}
L {MUDFONT VOID NES} {     W} {\u2836}
L {MUDFONT VOID NES} {N    W} {\u2837}
L {MUDFONT VOID NES} {  NE W} {\u283E}
L {MUDFONT VOID NES} {N NE W} {\u283F}
L {MUDFONT VOID NES} {       SE} {\u2886}
L {MUDFONT VOID NES} {N      SE} {\u2887}
L {MUDFONT VOID NES} {  NE   SE} {\u288E}
L {MUDFONT VOID NES} {N NE   SE} {\u288F}
L {MUDFONT VOID NES} {     W SE} {\u28B6}
L {MUDFONT VOID NES} {N    W SE} {\u28B7}
L {MUDFONT VOID NES} {  NE W SE} {\u28BE}
L {MUDFONT VOID NES} {N NE W SE} {\u28BF}
L {MUDFONT VOID NES} {          S} {\u2846}
L {MUDFONT VOID NES} {N         S} {\u2847}
L {MUDFONT VOID NES} {  NE      S} {\u284E}
L {MUDFONT VOID NES} {N NE      S} {\u284F}
L {MUDFONT VOID NES} {     W    S} {\u2876}
L {MUDFONT VOID NES} {N    W    S} {\u2877}
L {MUDFONT VOID NES} {  NE W    S} {\u287E}
L {MUDFONT VOID NES} {N NE W    S} {\u287F}
L {MUDFONT VOID NES} {       SE S} {\u28C6}
L {MUDFONT VOID NES} {N      SE S} {\u28C7}
L {MUDFONT VOID NES} {  NE   SE S} {\u28CE}
L {MUDFONT VOID NES} {N NE   SE S} {\u28CF}
L {MUDFONT VOID NES} {     W SE S} {\u28F6}
L {MUDFONT VOID NES} {N    W SE S} {\u28F7}
L {MUDFONT VOID NES} {  NE W SE S} {\u28FE}
L {MUDFONT VOID NES} {N NE W SE S} {\u28FF}
L {MUDFONT CURVED} {N E} {\u2818}
L {MUDFONT CURVED} {S E} {\u28A0}
L {MUDFONT CURVED} {S W} {\u2844}
L {MUDFONT CURVED} {N W} {\u2803}



R { 2900} {0} {} {A Black Square} { } {} {} {} {} {} {1.000}
E { 2901} {e} {e} {2} {0} {} {1.000}
E { 2908} {s} {s} {4} {0} {} {1.000}

R { 2901} {0} {} {A White Square} { } {} {} {} {} {} {1.000}
E { 2909} {s} {s} {4} {0} {} {1.000}
E { 2900} {w} {w} {8} {0} {} {1.000}
E { 2902} {e} {e} {2} {0} {} {1.000}

R { 2902} {0} {} {A Black Square} { } {} {} {} {} {} {1.000}
E { 2901} {w} {w} {8} {0} {} {1.000}
E { 2910} {s} {s} {4} {0} {} {1.000}
E { 2903} {e} {e} {2} {0} {} {1.000}

R { 2903} {0} {} {A White Square} { } {} {} {} {} {} {1.000}
E { 2911} {s} {s} {4} {0} {} {1.000}
E { 2902} {w} {w} {8} {0} {} {1.000}
E { 2904} {e} {e} {2} {0} {} {1.000}

R { 2904} {0} {} {A Black Square} { } {} {} {} {} {} {1.000}
E { 2903} {w} {w} {8} {0} {} {1.000}
E { 2912} {s} {s} {4} {0} {} {1.000}
E { 2905} {e} {e} {2} {0} {} {1.000}

R { 2905} {0} {} {A White Square} { } {} {} {} {} {} {1.000}
E { 2913} {s} {s} {4} {0} {} {1.000}
E { 2904} {w} {w} {8} {0} {} {1.000}
E { 2906} {e} {e} {2} {0} {} {1.000}

R { 2906} {0} {} {A Black Square} { } {} {} {} {} {} {1.000}
E { 2905} {w} {w} {8} {0} {} {1.000}
E { 2907} {e} {e} {2} {0} {} {1.000}
E { 2914} {s} {s} {4} {0} {} {1.000}

R { 2907} {0} {} {A White Square} { } {} {} {} {} {} {1.000}
E { 2906} {w} {w} {8} {0} {} {1.000}
E { 2915} {s} {s} {4} {0} {} {1.000}

R { 2908} {0} {} {A White Square} { } {} {} {} {} {} {1.000}
E { 2916} {s} {s} {4} {0} {} {1.000}
E { 2909} {e} {e} {2} {0} {} {1.000}
E { 2900} {n} {n} {1} {0} {} {1.000}

R { 2909} {0} {} {A Black Square} { } {} {} {} {} {} {1.000}
E { 2908} {w} {w} {8} {0} {} {1.000}
E { 2917} {s} {s} {4} {0} {} {1.000}
E { 2901} {n} {n} {1} {0} {} {1.000}
E { 2910} {e} {e} {2} {0} {} {1.000}

R { 2910} {0} {} {A White Square} { } {} {} {} {} {} {1.000}
E { 2902} {n} {n} {1} {0} {} {1.000}
E { 2909} {w} {w} {8} {0} {} {1.000}
E { 2918} {s} {s} {4} {0} {} {1.000}
E { 2911} {e} {e} {2} {0} {} {1.000}

R { 2911} {0} {} {A Black Square} { } {} {} {} {} {} {1.000}
E { 2910} {w} {w} {8} {0} {} {1.000}
E { 2919} {s} {s} {4} {0} {} {1.000}
E { 2903} {n} {n} {1} {0} {} {1.000}
E { 2912} {e} {e} {2} {0} {} {1.000}

R { 2912} {0} {} {A White Square} { } {} {} {} {} {} {1.000}
E { 2904} {n} {n} {1} {0} {} {1.000}
E { 2911} {w} {w} {8} {0} {} {1.000}
E { 2920} {s} {s} {4} {0} {} {1.000}
E { 2913} {e} {e} {2} {0} {} {1.000}

R { 2913} {0} {} {A Black Square} { } {} {} {} {} {} {1.000}
E { 2921} {s} {s} {4} {0} {} {1.000}
E { 2912} {w} {w} {8} {0} {} {1.000}
E { 2905} {n} {n} {1} {0} {} {1.000}
E { 2914} {e} {e} {2} {0} {} {1.000}

R { 2914} {0} {} {A White Square} { } {} {} {} {} {} {1.000}
E { 2915} {e} {e} {2} {0} {} {1.000}
E { 2906} {n} {n} {1} {0} {} {1.000}
E { 2913} {w} {w} {8} {0} {} {1.000}
E { 2922} {s} {s} {4} {0} {} {1.000}

R { 2915} {0} {} {A Black Square} { } {} {} {} {} {} {1.000}
E { 2907} {n} {n} {1} {0} {} {1.000}
E { 2914} {w} {w} {8} {0} {} {1.000}
E { 2923} {s} {s} {4} {0} {} {1.000}

R { 2916} {0} {} {A Black Square} { } {} {} {} {} {} {1.000}
E { 2917} {e} {e} {2} {0} {} {1.000}
E { 2908} {n} {n} {1} {0} {} {1.000}

R { 2917} {0} {} {A White Square} { } {} {} {} {} {} {1.000}
E { 2918} {e} {e} {2} {0} {} {1.000}
E { 2916} {w} {w} {8} {0} {} {1.000}
E { 2909} {n} {n} {1} {0} {} {1.000}

R { 2918} {0} {} {A Black Square} { } {} {} {} {} {} {1.000}
E { 2919} {e} {e} {2} {0} {} {1.000}
E { 2917} {w} {w} {8} {0} {} {1.000}
E { 2910} {n} {n} {1} {0} {} {1.000}

R { 2919} {0} {} {A White Square} { } {} {} {} {} {} {1.000}
E { 2920} {e} {e} {2} {0} {} {1.000}
E { 2918} {w} {w} {8} {0} {} {1.000}
E { 2911} {n} {n} {1} {0} {} {1.000}

R { 2920} {0} {} {A Black Square} { } {} {} {} {} {} {1.000}
E { 2966} {d} {d} {32} {0} {} {1.000}
E { 2919} {w} {w} {8} {0} {} {1.000}
E { 2912} {n} {n} {1} {0} {} {1.000}
E { 2921} {e} {e} {2} {0} {} {1.000}

R { 2921} {0} {} {A White Square} { } {} {} {} {} {} {1.000}
E { 2920} {w} {w} {8} {0} {} {1.000}
E { 2913} {n} {n} {1} {0} {} {1.000}
E { 2922} {e} {e} {2} {0} {} {1.000}

R { 2922} {0} {} {A Black Square} { } {} {} {} {} {} {1.000}
E { 2914} {n} {n} {1} {0} {} {1.000}
E { 2921} {w} {w} {8} {0} {} {1.000}
E { 2923} {e} {e} {2} {0} {} {1.000}

R { 2923} {0} {} {A White Square} { } {} {} {} {} {} {1.000}
E { 2922} {w} {w} {8} {0} {} {1.000}
E { 2915} {n} {n} {1} {0} {} {1.000}

R { 2966} {0} {} {Entrance to the Chessmaster's Realm} { } {} {} {} {} {} {1.000}
E {13886} {d} {d} {32} {0} {} {1.000}
E { 2920} {u} {u} {16} {0} {} {1.000}

R { 3001} {0} {} {The Temple Of Midgaard} { } {} {} {} {} {} {1.000}
E { 3054} {n} {n} {1} {0} {} {1.000}
E { 3005} {s} {s} {4} {0} {} {1.000}

R { 3005} {0} {} {The Temple Plaza} { } {} {} {} {} {} {1.000}
E { 3001} {n} {n} {1} {0} {} {1.000}
E { 3014} {s} {s} {4} {0} {} {1.000}

R { 3014} {0} {} {Market Square} { } {} {} {} {} {} {1.000}
E { 3005} {n} {n} {1} {0} {} {1.000}
E { 3025} {s} {s} {4} {0} {} {1.000}

R { 3024} {0} {} {River Street} { } {} {} {} {} {} {1.000}
E { 3025} {e} {e} {2} {0} {} {1.000}
E { 3044} {w} {w} {8} {0} {} {1.000}

R { 3025} {0} {} {The Common Square} { } {} {} {} {} {} {1.000}
E { 3014} {n} {n} {1} {0} {} {1.000}
E { 3024} {w} {w} {8} {0} {} {1.000}

R { 3043} {0} {} {Wall Road} { } {} {} {} {} {} {1.000}
E { 3044} {e} {e} {2} {0} {} {1.000}
E {13883} {w} {w} {8} {0} {} {1.000}

R { 3044} {0} {} {A Dark Section of River Street} { } {} {} {} {} {} {1.000}
E { 3024} {e} {e} {2} {0} {} {1.000}
E { 3043} {w} {w} {8} {0} {} {1.000}

R { 3054} {0} {} {By the Temple Altar} { } {} {} {} {} {} {1.000}
E { 3545} {n} {n} {1} {0} {} {1.000}
E { 3001} {s} {s} {4} {0} {} {1.000}

R { 3545} {0} {} {Fountain Pass} { } {} {} {} {} {} {1.000}
E { 3546} {e} {e} {2} {0} {} {1.000}
E { 3054} {s} {s} {4} {0} {} {1.000}

R { 3546} {0} {} {The First Bank of Midgaard} { } {} {} {} {} {} {1.000}
E { 3545} {w} {w} {8} {0} {} {1.000}

R {13801} {0} {} {Before an Old Rusty Gate} { } {} {} {} {} {} {1.000}
E {13883} {e} {e} {2} {0} {} {1.000}
E {13803} {s} {open gates s;s} {4} {0} {} {1.000}

R {13803} {0} {} {The School Yard} { } {} {} {} {} {} {1.000}
E {13801} {n} {open gates n;n} {1} {0} {} {1.000}
E {13804} {w} {w} {8} {0} {} {1.000}

R {13804} {0} {} {The School Yard} { } {} {} {} {} {} {1.000}
E {13803} {e} {e} {2} {0} {} {1.000}
E {13884} {w} {open door w;w} {8} {0} {} {1.000}

R {13857} {0} {} {The Hallway} { } {} {} {} {} {} {1.000}
E {13884} {e} {e} {2} {0} {} {1.000}
E {13858} {w} {w} {8} {0} {} {1.000}

R {13858} {0} {} {The Hallway} { } {} {} {} {} {} {1.000}
E {13857} {e} {e} {2} {0} {} {1.000}
E {13886} {s} {open door s;s} {4} {0} {} {1.000}

R {13883} {0} {} {Entrance Way to the Old School} { } {} {} {} {} {} {1.000}
E { 3043} {e} {e} {2} {0} {} {1.000}
E {13801} {w} {w} {8} {0} {} {1.000}

R {13884} {0} {} {A Dark Stairwell} { } {} {} {} {} {} {1.000}
E {13804} {e} {open door e;e} {2} {0} {} {1.000}
E {13857} {w} {w} {8} {0} {} {1.000}

R {13886} {0} {} {Chess Club} { } {} {} {} {} {} {1.000}
E {13858} {n} {open door n;n} {1} {0} {} {1.000}
E { 2966} {u} {u} {16} {0} {} {1.000}
