C 100000

V 2020

CAVOID <118>
CBACKGROUND 
CEXITS <278>
CHIDE <168>
CINVISIBLE <208>
CPATHS <138>
CROOMS <178>
CSYMBOLS <128>
CUSER <258>

F 581

G 0

I 3544

L {ASCII NESW LINE} {NO EXITS} {x}
L {ASCII NESW LINE} {N} {o}
L {ASCII NESW LINE} {  E} {o}
L {ASCII NESW LINE} {N E} {+}
L {ASCII NESW LINE} {    S} {o}
L {ASCII NESW LINE} {N   S} {|}
L {ASCII NESW LINE} {  E S} {+}
L {ASCII NESW LINE} {N E S} {+}
L {ASCII NESW LINE} {      W} {o}
L {ASCII NESW LINE} {N     W} {+}
L {ASCII NESW LINE} {  E   W} {-}
L {ASCII NESW LINE} {N E   W} {+}
L {ASCII NESW LINE} {    S W} {+}
L {ASCII NESW LINE} {N   S W} {+}
L {ASCII NESW LINE} {  E S W} {+}
L {ASCII NESW LINE} {N E S W} {+}
L {ASCII NESW MISC} {USER} {x}
L {ASCII NESW MISC} {DIR UNKNOWN} {+}
L {ASCII NESW MISC} {N S VOID} {|}
L {ASCII NESW MISC} {E W VOID} {-}
L {ASCII NESW CURVED} {N E CURVED} {+}
L {ASCII NESW CURVED} {S E CURVED} {+}
L {ASCII NESW CURVED} {S W CURVED} {+}
L {ASCII NESW CURVED} {N W CURVED} {+}
L {ASCII NESW DIRS} {DIR N} {|}
L {ASCII NESW DIRS} {DIR NE} {/}
L {ASCII NESW DIRS} {DIR E} {-}
L {ASCII NESW DIRS} {DIR SE} {\\}
L {ASCII NESW DIRS} {DIR S} {|}
L {ASCII NESW DIRS} {DIR SW} {/}
L {ASCII NESW DIRS} {DIR W} {-}
L {ASCII NESW DIRS} {DIR NW} {\\}
L {NESW LINE} {NO EXITS} {\u2B51}
L {NESW LINE} {N} {\u2579}
L {NESW LINE} {  E} {\u257A}
L {NESW LINE} {N E} {\u2517}
L {NESW LINE} {    S} {\u257B}
L {NESW LINE} {N   S} {\u2503}
L {NESW LINE} {  E S} {\u250F}
L {NESW LINE} {N E S} {\u2523}
L {NESW LINE} {      W} {\u2578}
L {NESW LINE} {N     W} {\u251B}
L {NESW LINE} {  E   W} {\u2501}
L {NESW LINE} {N E   W} {\u253B}
L {NESW LINE} {    S W} {\u2513}
L {NESW LINE} {N   S W} {\u252B}
L {NESW LINE} {  E S W} {\u2533}
L {NESW LINE} {N E S W} {\u254B}
L {NESW MISC} {USER} {\u2B51}
L {NESW MISC} {DIR UNKNOWN} {\u2012}
L {NESW MISC} {N S VOID} {\u2507}
L {NESW MISC} {E W VOID} {\u254D}
L {NESW CURVED} {N E CURVED} {\u2570}
L {NESW CURVED} {S E CURVED} {\u256D}
L {NESW CURVED} {S W CURVED} {\u256E}
L {NESW CURVED} {N W CURVED} {\u256F}
L {NESW DIRS} {DIR N} {\u2191}
L {NESW DIRS} {DIR NE} {\u2B08}
L {NESW DIRS} {DIR E} {\u2B95}
L {NESW DIRS} {DIR SE} {\u2b0A}
L {NESW DIRS} {DIR S} {\u2193}
L {NESW DIRS} {DIR SW} {\u2B0B}
L {NESW DIRS} {DIR W} {\u2B05}
L {NESW DIRS} {DIR NW} {\u2B09}
L {MUDFONT NWS} {NO EXITS} {\u28CF}
L {MUDFONT NWS} {N} {\u28C7}
L {MUDFONT NWS} {  NW} {\u28CE}
L {MUDFONT NWS} {N NW} {\u28C6}
L {MUDFONT NWS} {     W} {\u28C9}
L {MUDFONT NWS} {N    W} {\u28C1}
L {MUDFONT NWS} {  NW W} {\u28C8}
L {MUDFONT NWS} {N NW W} {\u28C0}
L {MUDFONT NWS} {       SW} {\u288F}
L {MUDFONT NWS} {N      SW} {\u2887}
L {MUDFONT NWS} {  NW   SW} {\u288E}
L {MUDFONT NWS} {N NW   SW} {\u2886}
L {MUDFONT NWS} {     W SW} {\u2889}
L {MUDFONT NWS} {N    W SW} {\u2881}
L {MUDFONT NWS} {  NW W SW} {\u2888}
L {MUDFONT NWS} {N NW W SW} {\u2880}
L {MUDFONT NWS} {          S} {\u284F}
L {MUDFONT NWS} {N         S} {\u2847}
L {MUDFONT NWS} {  NW      S} {\u284E}
L {MUDFONT NWS} {N NW      S} {\u2846}
L {MUDFONT NWS} {     W    S} {\u2849}
L {MUDFONT NWS} {N    W    S} {\u2841}
L {MUDFONT NWS} {  NW W    S} {\u2848}
L {MUDFONT NWS} {N NW W    S} {\u2880}
L {MUDFONT NWS} {       SW S} {\u280F}
L {MUDFONT NWS} {N      SW S} {\u2807}
L {MUDFONT NWS} {  NW   SW S} {\u280E}
L {MUDFONT NWS} {N NW   SW S} {\u2806}
L {MUDFONT NWS} {     W SW S} {\u2809}
L {MUDFONT NWS} {N    W SW S} {\u2801}
L {MUDFONT NWS} {  NW W SW S} {\u2808}
L {MUDFONT NWS} {N NW W SW S} {\u2800}
L {MUDFONT NES} {NO EXITS} {\u28F9}
L {MUDFONT NES} {N} {\u28F8}
L {MUDFONT NES} {  NE} {\u28F1}
L {MUDFONT NES} {N NE} {\u28F0}
L {MUDFONT NES} {     W} {\u28C9}
L {MUDFONT NES} {N    W} {\u28C8}
L {MUDFONT NES} {  NE W} {\u28C2}
L {MUDFONT NES} {N NE W} {\u28C0}
L {MUDFONT NES} {       SE} {\u2879}
L {MUDFONT NES} {N      SE} {\u2878}
L {MUDFONT NES} {  NE   SE} {\u2871}
L {MUDFONT NES} {N NE   SE} {\u2870}
L {MUDFONT NES} {     W SE} {\u2849}
L {MUDFONT NES} {N    W SE} {\u2848}
L {MUDFONT NES} {  NE W SE} {\u2842}
L {MUDFONT NES} {N NE W SE} {\u2840}
L {MUDFONT NES} {          S} {\u28B9}
L {MUDFONT NES} {N         S} {\u28B8}
L {MUDFONT NES} {  NE      S} {\u28B1}
L {MUDFONT NES} {N NE      S} {\u28B0}
L {MUDFONT NES} {     W    S} {\u2889}
L {MUDFONT NES} {N    W    S} {\u2888}
L {MUDFONT NES} {  NE W    S} {\u2882}
L {MUDFONT NES} {N NE W    S} {\u2880}
L {MUDFONT NES} {       SE S} {\u2839}
L {MUDFONT NES} {N      SE S} {\u2838}
L {MUDFONT NES} {  NE   SE S} {\u2831}
L {MUDFONT NES} {N NE   SE S} {\u2830}
L {MUDFONT NES} {     W SE S} {\u2809}
L {MUDFONT NES} {N    W SE S} {\u2808}
L {MUDFONT NES} {  NE W SE S} {\u2802}
L {MUDFONT NES} {N NE W SE S} {\u2800}
L {MUDFONT VOID NWS} {NO EXITS} {\u2830}
L {MUDFONT VOID NWS} {N} {\u2838}
L {MUDFONT VOID NWS} {  NW} {\u2831}
L {MUDFONT VOID NWS} {N NW} {\u2839}
L {MUDFONT VOID NWS} {     W} {\u2836}
L {MUDFONT VOID NWS} {N    W} {\u283E}
L {MUDFONT VOID NWS} {  NW W} {\u2837}
L {MUDFONT VOID NWS} {N NW W} {\u283F}
L {MUDFONT VOID NWS} {       SW} {\u2870}
L {MUDFONT VOID NWS} {N      SW} {\u2878}
L {MUDFONT VOID NWS} {  NW   SW} {\u2871}
L {MUDFONT VOID NWS} {N NW   SW} {\u2879}
L {MUDFONT VOID NWS} {     W SW} {\u2876}
L {MUDFONT VOID NWS} {N    W SW} {\u287E}
L {MUDFONT VOID NWS} {  NW W SW} {\u2877}
L {MUDFONT VOID NWS} {N NW W SW} {\u287F}
L {MUDFONT VOID NWS} {          S} {\u28B0}
L {MUDFONT VOID NWS} {N         S} {\u28B8}
L {MUDFONT VOID NWS} {  NW      S} {\u28B1}
L {MUDFONT VOID NWS} {N NW      S} {\u28B9}
L {MUDFONT VOID NWS} {     W    S} {\u28B6}
L {MUDFONT VOID NWS} {N    W    S} {\u28BE}
L {MUDFONT VOID NWS} {  NW W    S} {\u28B7}
L {MUDFONT VOID NWS} {N NW W    S} {\u28BF}
L {MUDFONT VOID NWS} {       SW S} {\u28F0}
L {MUDFONT VOID NWS} {N      SW S} {\u28F8}
L {MUDFONT VOID NWS} {  NW   SW S} {\u28F1}
L {MUDFONT VOID NWS} {N NW   SW S} {\u28F9}
L {MUDFONT VOID NWS} {     W SW S} {\u28F6}
L {MUDFONT VOID NWS} {N    W SW S} {\u28FE}
L {MUDFONT VOID NWS} {  NW W SW S} {\u28F7}
L {MUDFONT VOID NWS} {N NW W SW S} {\u28FF}
L {MUDFONT VOID NES} {NO EXITS} {\u2806}
L {MUDFONT VOID NES} {N} {\u2807}
L {MUDFONT VOID NES} {  NE} {\u280E}
L {MUDFONT VOID NES} {N NE} {\u280F}
L {MUDFONT VOID NES} {     W} {\u2836}
L {MUDFONT VOID NES} {N    W} {\u2837}
L {MUDFONT VOID NES} {  NE W} {\u283E}
L {MUDFONT VOID NES} {N NE W} {\u283F}
L {MUDFONT VOID NES} {       SE} {\u2886}
L {MUDFONT VOID NES} {N      SE} {\u2887}
L {MUDFONT VOID NES} {  NE   SE} {\u288E}
L {MUDFONT VOID NES} {N NE   SE} {\u288F}
L {MUDFONT VOID NES} {     W SE} {\u28B6}
L {MUDFONT VOID NES} {N    W SE} {\u28B7}
L {MUDFONT VOID NES} {  NE W SE} {\u28BE}
L {MUDFONT VOID NES} {N NE W SE} {\u28BF}
L {MUDFONT VOID NES} {          S} {\u2846}
L {MUDFONT VOID NES} {N         S} {\u2847}
L {MUDFONT VOID NES} {  NE      S} {\u284E}
L {MUDFONT VOID NES} {N NE      S} {\u284F}
L {MUDFONT VOID NES} {     W    S} {\u2876}
L {MUDFONT VOID NES} {N    W    S} {\u2877}
L {MUDFONT VOID NES} {  NE W    S} {\u287E}
L {MUDFONT VOID NES} {N NE W    S} {\u287F}
L {MUDFONT VOID NES} {       SE S} {\u28C6}
L {MUDFONT VOID NES} {N      SE S} {\u28C7}
L {MUDFONT VOID NES} {  NE   SE S} {\u28CE}
L {MUDFONT VOID NES} {N NE   SE S} {\u28CF}
L {MUDFONT VOID NES} {     W SE S} {\u28F6}
L {MUDFONT VOID NES} {N    W SE S} {\u28F7}
L {MUDFONT VOID NES} {  NE W SE S} {\u28FE}
L {MUDFONT VOID NES} {N NE W SE S} {\u28FF}
L {MUDFONT CURVED} {N E} {\u2818}
L {MUDFONT CURVED} {S E} {\u28A0}
L {MUDFONT CURVED} {S W} {\u2844}
L {MUDFONT CURVED} {N W} {\u2803}



R {    1} {0} {} {} { } {} {} {} {} {} {1.000}

R {    2} {0} {} {} { } {} {} {} {} {} {1.000}
E { 3005} {u} {u} {16} {0} {} {1.000}

R {    3} {0} {} {} { } {} {} {} {} {} {1.000}
E {13201} {e} {e} {2} {0} {} {1.000}

R {    4} {0} {} {} { } {} {} {} {} {} {1.000}
E { 3081} {w} {w} {8} {0} {} {1.000}

R {    5} {0} {} {} { } {} {} {} {} {} {1.000}
E { 3084} {d} {d} {32} {0} {} {1.000}

R {    6} {0} {} {} { } {} {} {} {} {} {1.000}
E {60190} {u} {u} {16} {0} {} {1.000}

R {    7} {0} {} {} { } {} {} {} {} {} {1.000}
E {60190} {s} {s} {4} {0} {} {1.000}

R {    8} {0} {} {} { } {} {} {} {} {} {1.000}
E {60191} {u} {u} {16} {0} {} {1.000}

R {    9} {0} {} {} { } {} {} {} {} {} {1.000}
E {60191} {d} {d} {32} {0} {} {1.000}

R {   10} {0} {} {} { } {} {} {} {} {} {1.000}
E { 3021} {n} {n} {1} {0} {} {1.000}

R {   11} {0} {} {} { } {} {} {} {} {} {1.000}
E { 3021} {w} {w} {8} {0} {} {1.000}

R {   12} {0} {} {} { } {} {} {} {} {} {1.000}
E { 3021} {d} {d} {32} {0} {} {1.000}

R {   13} {0} {} {} { } {} {} {} {} {} {1.000}
E { 6170} {s} {s} {4} {0} {} {1.000}

R {   14} {0} {} {} { } {} {} {} {} {} {1.000}
E { 3537} {u} {u} {16} {0} {} {1.000}

R {   15} {0} {} {} { } {} {} {} {} {} {1.000}
E { 3519} {s} {s} {4} {0} {} {1.000}

R {   16} {0} {} {} { } {} {} {} {} {} {1.000}
E { 3519} {e} {e} {2} {0} {} {1.000}

R {   17} {0} {} {} { } {} {} {} {} {} {1.000}
E { 3514} {w} {w} {8} {0} {} {1.000}

R {   18} {0} {} {} { } {} {} {} {} {} {1.000}

R {   19} {0} {} {} { } {} {} {} {} {} {1.000}
E { 3087} {n} {n} {1} {0} {} {1.000}

R {   20} {0} {} {} { } {} {} {} {} {} {1.000}
E {14000} {n} {n} {1} {0} {} {1.000}

R { 3001} {0} {<178>} {The Temple Of Midgaard} { } {} {Midgaard City} {} {[0\;37mInside [0\;37mCity } {} {1.000}
E { 3566} {e} {e} {2} {0} {} {1.000}
E { 3054} {n} {n} {1} {0} {} {1.000}
E { 3005} {s} {s} {4} {0} {} {1.000}
E { 3056} {w} {w} {8} {0} {} {1.000}

R { 3004} {0} {<178>} {Entrance to the Priest's Temple} { } {} {Midgaard City} {} {[0\;37mInside [0\;37mCity } {} {1.000}
E { 3005} {e} {e} {2} {0} {} {1.000}
E { 3056} {n} {n} {1} {0} {} {1.000}

R { 3005} {0} {<178>} {The Temple Plaza} { } {} {Midgaard City} {} {[0\;37mCity } {} {1.000}
E {    2} {d} {d} {32} {0} {} {1.000}
E { 3085} {e} {e} {2} {0} {} {1.000}
E { 3001} {n} {n} {1} {0} {} {1.000}
E { 3014} {s} {s} {4} {0} {} {1.000}
E { 3004} {w} {w} {8} {0} {} {1.000}

R { 3009} {0} {<178>} {The Bakery} { } {} {Midgaard City} {} {[0\;37mInside [0\;37mCity } {} {1.000}
E { 3013} {s} {s} {4} {0} {} {1.000}

R { 3010} {0} {<178>} {The General Store} { } {} {Midgaard City} {} {[0\;37mInside [0\;37mCity } {} {1.000}
E { 3013} {n} {n} {1} {0} {} {1.000}

R { 3011} {0} {<178>} {The Weapon Shop} { } {} {Midgaard City} {} {[0\;37mInside [0\;37mCity } {} {1.000}
E { 3069} {s} {s} {4} {0} {} {1.000}

R { 3012} {0} {<178>} {Main Street} { } {} {Midgaard City} {} {[0\;37mCity } {} {1.000}
E { 3013} {e} {e} {2} {0} {} {1.000}
E { 3033} {n} {n} {1} {0} {} {1.000}
E { 3017} {s} {s} {4} {0} {} {1.000}
E { 3058} {w} {w} {8} {0} {} {1.000}

R { 3013} {0} {<178>} {Main Street} { } {} {Midgaard City} {} {[0\;37mCity } {} {1.000}
E { 3014} {e} {e} {2} {0} {} {1.000}
E { 3009} {n} {n} {1} {0} {} {1.000}
E { 3010} {s} {s} {4} {0} {} {1.000}
E { 3012} {w} {w} {8} {0} {} {1.000}

R { 3014} {0} {<178>} {Market Square} { } {} {Midgaard City} {} {[0\;37mCity } {} {1.000}
E { 3015} {e} {e} {2} {0} {} {1.000}
E { 3005} {n} {n} {1} {0} {} {1.000}
E { 3025} {s} {s} {4} {0} {} {1.000}
E { 3013} {w} {w} {8} {0} {} {1.000}

R { 3015} {0} {<178>} {Main Street} { } {} {Midgaard City} {} {[0\;37mCity } {} {1.000}
E { 3016} {e} {e} {2} {0} {} {1.000}
E { 3020} {n} {n} {1} {0} {} {1.000}
E { 3070} {s} {s} {4} {0} {} {1.000}
E { 3014} {w} {w} {8} {0} {} {1.000}

R { 3016} {0} {<178>} {Main Street} { } {} {Midgaard City} {} {[0\;37mCity } {} {1.000}
E { 3069} {e} {e} {2} {0} {} {1.000}
E { 3078} {n} {n} {1} {0} {} {1.000}
E { 3021} {s} {s} {4} {0} {} {1.000}
E { 3015} {w} {w} {8} {0} {} {1.000}

R { 3017} {0} {<118>} {} { } {} {} {} {} {} {1.000}

R { 3020} {0} {<178>} {The Armoury} { } {} {Midgaard City} {} {[0\;37mInside [0\;37mCity } {} {1.000}
E { 3015} {s} {s} {4} {0} {} {1.000}

R { 3021} {0} {<178>} {Entrance Hall to the Guild of Swordsmen} { } {} {Midgaard City} {} {[0\;37mInside [0\;37mCity } {} {1.000}
E { 3016} {n} {n} {1} {0} {} {1.000}
E {   10} {s} {s} {4} {0} {} {1.000}
E { 3070} {w} {w} {8} {0} {} {1.000}
E { 3094} {d} {d} {32} {0} {} {1.000}
E {   11} {e} {e} {2} {0} {} {1.000}
E {   12} {u} {u} {16} {0} {} {1.000}

R { 3024} {0} {<178>} {River Street} { } {} {Midgaard City} {} {[0\;37mCity } {} {1.000}
E { 3025} {e} {e} {2} {0} {} {1.000}
E { 3013} {n} {n} {1} {0} {} {1.000}
E { 3048} {s} {s} {4} {0} {} {1.000}
E { 3044} {w} {w} {8} {0} {} {1.000}

R { 3025} {0} {<178>} {The Common Square} { } {} {Midgaard City} {} {[0\;37mCity } {} {1.000}
E { 3026} {e} {e} {2} {0} {} {1.000}
E { 3014} {n} {n} {1} {0} {} {1.000}
E { 3087} {s} {s} {4} {0} {} {1.000}
E { 3024} {w} {w} {8} {0} {} {1.000}

R { 3026} {0} {<118>} {} { } {} {} {} {} {} {1.000}

R { 3027} {0} {<118>} {} { } {} {} {} {} {} {1.000}

R { 3030} {0} {<118>} {} { } {} {} {} {} {} {1.000}

R { 3033} {0} {<178>} {The Magic Shop} { } {} {Midgaard City} {} {[0\;37mInside [0\;37mCity } {} {1.000}
E { 3059} {n} {n} {1} {0} {} {1.000}
E { 3012} {s} {s} {4} {0} {} {1.000}

R { 3034} {0} {<178>} {The Reading Room} { } {} {Midgaard City} {} {[0\;37mInside [0\;37mCity } {} {1.000}
E { 3054} {e} {e} {2} {0} {} {1.000}

R { 3035} {0} {<118>} {} { } {} {} {} {} {} {1.000}

R { 3040} {0} {<178>} {Inside the West Gate of Midgaard} { } {} {Midgaard City} {} {[0\;37mCity } {} {1.000}
E { 3058} {e} {e} {2} {0} {} {1.000}
E { 3557} {n} {n} {1} {0} {} {1.000}
E { 3042} {s} {s} {4} {0} {} {1.000}
E { 3052} {w} {w} {8} {0} {} {1.000}

R { 3041} {0} {<118>} {} { } {} {} {} {} {} {1.000}

R { 3042} {0} {<178>} {Wall Road} { } {} {Midgaard City} {} {[0\;37mCity } {} {1.000}
E { 3081} {e} {e} {2} {0} {} {1.000}
E { 3040} {n} {n} {1} {0} {} {1.000}
E { 3043} {s} {s} {4} {0} {} {1.000}

R { 3043} {0} {<178>} {Wall Road} { } {} {Midgaard City} {} {[0\;37mCity } {} {1.000}
E { 3044} {e} {e} {2} {0} {} {1.000}
E { 3042} {n} {n} {1} {0} {} {1.000}
E { 3047} {s} {s} {4} {0} {} {1.000}
E {13883} {w} {w} {8} {0} {} {1.000}

R { 3044} {0} {<178>} {A Dark Section of River Street} { } {} {Midgaard City} {} {[0\;37mCity } {} {1.000}
E { 3024} {e} {e} {2} {0} {} {1.000}
E { 3195} {n} {n} {1} {0} {} {1.000}
E { 3027} {s} {s} {4} {0} {} {1.000}
E { 3043} {w} {w} {8} {0} {} {1.000}

R { 3047} {0} {<118>} {} { } {} {} {} {} {} {1.000}

R { 3048} {0} {<118>} {} { } {} {} {} {} {} {1.000}

R { 3052} {0} {<178>} {Outside the West Gate of Midgaard} { } {} {Midgaard City} {} {[0\;37mCity [0\;37mTrail } {} {1.000}
E { 3040} {e} {e} {2} {0} {} {1.000}
E { 6139} {w} {w} {8} {0} {} {1.000}

R { 3054} {0} {<178>} {By the Temple Altar} { } {} {Midgaard City} {} {[0\;37mInside [0\;37mCity } {} {1.000}
E { 3035} {e} {e} {2} {0} {} {1.000}
E { 3545} {n} {n} {1} {0} {} {1.000}
E { 3001} {s} {s} {4} {0} {} {1.000}
E { 3034} {w} {w} {8} {0} {} {1.000}

R { 3056} {0} {<178>} {Prayer Room} { } {} {Midgaard City} {} {[0\;37mInside [0\;37mCity } {} {1.000}
E { 3001} {e} {e} {2} {0} {} {1.000}
E { 3004} {s} {s} {4} {0} {} {1.000}

R { 3057} {0} {<178>} {The Fence} { } {} {Midgaard City} {} {[0\;37mInside [0\;37mCity } {} {1.000}
E { 3024} {s} {s} {4} {0} {} {1.000}

R { 3058} {0} {<178>} {Main Street} { } {} {Midgaard City} {} {[0\;37mCity } {} {1.000}
E { 3012} {e} {e} {2} {0} {} {1.000}
E { 3086} {n} {n} {1} {0} {} {1.000}
E { 3084} {s} {s} {4} {0} {} {1.000}
E { 3040} {w} {w} {8} {0} {} {1.000}

R { 3059} {0} {<118>} {} { } {} {} {} {} {} {1.000}

R { 3065} {0} {<118>} {} { } {} {} {} {} {} {1.000}

R { 3069} {0} {<178>} {Main Street} { } {} {Midgaard City} {} {[0\;37mCity } {} {1.000}
E { 3041} {e} {e} {2} {0} {} {1.000}
E { 3011} {n} {n} {1} {0} {} {1.000}
E { 3165} {s} {s} {4} {0} {} {1.000}
E { 3016} {w} {w} {8} {0} {} {1.000}

R { 3070} {0} {<118>} {} { } {} {} {} {} {} {1.000}
E { 3021} {e} {e} {2} {0} {} {1.000}

R { 3078} {0} {<118>} {} { } {} {} {} {} {} {1.000}

R { 3081} {0} {<178>} {Midgaard Jail} { } {} {Midgaard City} {} {[0\;37mInside [0\;37mCity } {} {1.000}
E {    4} {e} {e} {2} {0} {} {1.000}
E { 3042} {w} {w} {8} {0} {} {1.000}

R { 3084} {0} {<178>} {The Midgaard Bookstore} { } {} {Midgaard City} {} {[0\;37mInside [0\;37mCity } {} {1.000}
E { 3058} {n} {n} {1} {0} {} {1.000}
E {    5} {u} {u} {16} {0} {} {1.000}

R { 3085} {0} {<118>} {} { } {} {} {} {} {} {1.000}

R { 3086} {0} {<178>} {Alaron's Apothecary} { } {} {Midgaard City} {} {[0\;37mInside [0\;37mCity } {} {1.000}
E { 3058} {s} {s} {4} {0} {} {1.000}

R { 3087} {0} {<178>} {A Dusty Street} { } {} {Midgaard City} {} {[0\;37mCity } {} {1.000}
E { 3025} {n} {n} {1} {0} {} {1.000}
E {   19} {s} {s} {4} {0} {} {1.000}
E { 3030} {w} {w} {8} {0} {} {1.000}

R { 3094} {0} {<118>} {} { } {} {} {} {} {} {1.000}

R { 3165} {0} {<118>} {} { } {} {} {} {} {} {1.000}

R { 3195} {0} {<118>} {} { } {} {} {} {} {} {1.000}

R { 3501} {0} {<118>} {} { } {} {} {} {} {} {1.000}

R { 3505} {0} {<118>} {} { } {} {} {} {} {} {1.000}

R { 3506} {0} {<178>} {Wall Road} { } {} {Midgaard City} {} {[0\;37mCity } {} {1.000}
E { 3507} {e} {e} {2} {0} {} {1.000}
E { 3501} {n} {n} {1} {0} {} {1.000}
E { 3514} {s} {s} {4} {0} {} {1.000}
E { 3505} {w} {w} {8} {0} {} {1.000}

R { 3507} {0} {<118>} {} { } {} {} {} {} {} {1.000}

R { 3514} {0} {<178>} {Fountain Pass} { } {} {Midgaard City} {} {[0\;37mCity } {} {1.000}
E {   17} {e} {e} {2} {0} {} {1.000}
E { 3506} {n} {n} {1} {0} {} {1.000}
E { 3520} {s} {s} {4} {0} {} {1.000}

R { 3519} {0} {<178>} {The Fountain Plaza} { } {} {Midgaard City} {} {[0\;37mCity } {} {1.000}
E { 3520} {e} {e} {2} {0} {} {1.000}
E {   15} {n} {n} {1} {0} {} {1.000}
E { 3528} {s} {s} {4} {0} {} {1.000}
E {   16} {w} {w} {8} {0} {} {1.000}

R { 3520} {0} {<178>} {The Fountain Plaza} { } {} {Midgaard City} {} {[0\;37mCity } {} {1.000}
E { 3521} {e} {e} {2} {0} {} {1.000}
E { 3514} {n} {n} {1} {0} {} {1.000}
E { 3529} {s} {s} {4} {0} {} {1.000}
E { 3519} {w} {w} {8} {0} {} {1.000}

R { 3521} {0} {<178>} {The Fountain Plaza} { } {} {Midgaard City} {} {[0\;37mCity } {} {1.000}
E { 3560} {e} {e} {2} {0} {} {1.000}
E { 3559} {n} {n} {1} {0} {} {1.000}
E { 3530} {s} {s} {4} {0} {} {1.000}
E { 3520} {w} {w} {8} {0} {} {1.000}

R { 3527} {0} {<118>} {} { } {} {} {} {} {} {1.000}

R { 3528} {0} {<178>} {The Fountain Plaza} { } {} {Midgaard City} {} {[0\;37mCity } {} {1.000}
E { 3529} {e} {e} {2} {0} {} {1.000}
E { 3519} {n} {n} {1} {0} {} {1.000}
E { 3536} {s} {s} {4} {0} {} {1.000}
E { 3527} {w} {w} {8} {0} {} {1.000}

R { 3529} {0} {<178>} {The Fountain Square} { } {} {Midgaard City} {} {[0\;37mCity } {} {1.000}
E { 3530} {e} {e} {2} {0} {} {1.000}
E { 3520} {n} {n} {1} {0} {} {1.000}
E { 3537} {s} {s} {4} {0} {} {1.000}
E { 3528} {w} {w} {8} {0} {} {1.000}

R { 3530} {0} {<178>} {The Fountain Plaza} { } {} {Midgaard City} {} {[0\;37mCity } {} {1.000}
E { 3531} {e} {e} {2} {0} {} {1.000}
E { 3521} {n} {n} {1} {0} {} {1.000}
E { 3538} {s} {s} {4} {0} {} {1.000}
E { 3529} {w} {w} {8} {0} {} {1.000}

R { 3531} {0} {<118>} {} { } {} {} {} {} {} {1.000}

R { 3536} {0} {<178>} {The Fountain Plaza} { } {} {Midgaard City} {} {[0\;37mCity } {} {1.000}
E { 3537} {e} {e} {2} {0} {} {1.000}
E { 3528} {n} {n} {1} {0} {} {1.000}
E { 3544} {s} {s} {4} {0} {} {1.000}
E { 3564} {w} {w} {8} {0} {} {1.000}

R { 3537} {0} {<178>} {The Fountain Plaza} { } {} {Midgaard City} {} {[0\;37mCity } {} {1.000}
E {   14} {d} {d} {32} {0} {} {1.000}
E { 3538} {e} {e} {2} {0} {} {1.000}
E { 3529} {n} {n} {1} {0} {} {1.000}
E { 3545} {s} {s} {4} {0} {} {1.000}
E { 3536} {w} {w} {8} {0} {} {1.000}

R { 3538} {0} {<178>} {The Fountain Plaza} { } {} {Midgaard City} {} {[0\;37mCity } {} {1.000}
E { 3539} {e} {e} {2} {0} {} {1.000}
E { 3530} {n} {n} {1} {0} {} {1.000}
E { 3546} {s} {s} {4} {0} {} {1.000}
E { 3537} {w} {w} {8} {0} {} {1.000}

R { 3539} {0} {<118>} {} { } {} {} {} {} {} {1.000}

R { 3544} {0} {<178>} {The MidGaard Stock Exchange (MGSE)} { } {} {Midgaard City} {} {[0\;37mInside [0\;37mCity } {} {1.000}
E { 3545} {e} {e} {2} {0} {} {1.000}
E { 3536} {n} {n} {1} {0} {} {1.000}

R { 3545} {0} {<178>} {Fountain Pass} { } {} {Midgaard City} {} {[0\;37mCity } {} {1.000}
E { 3573} {d} {d} {32} {0} {} {1.000}
E { 3546} {e} {e} {2} {0} {} {1.000}
E { 3537} {n} {n} {1} {0} {} {1.000}
E { 3054} {s} {s} {4} {0} {} {1.000}
E { 3544} {w} {w} {8} {0} {} {1.000}

R { 3546} {0} {<178>} {The First Bank of Midgaard} { } {} {Midgaard City} {} {[0\;37mInside [0\;37mCity } {} {1.000}
E { 3538} {n} {n} {1} {0} {} {1.000}
E { 3545} {w} {w} {8} {0} {} {1.000}

R { 3557} {0} {<118>} {} { } {} {} {} {} {} {1.000}

R { 3559} {0} {<118>} {} { } {} {} {} {} {} {1.000}

R { 3560} {0} {<118>} {} { } {} {} {} {} {} {1.000}

R { 3564} {0} {<178>} {The Divorce Court} { } {} {Midgaard City} {} {[0\;37mInside [0\;37mCity } {} {1.000}
E { 3536} {e} {e} {2} {0} {} {1.000}

R { 3566} {0} {<118>} {} { } {} {} {} {} {} {1.000}

R { 3569} {0} {<178>} {Wasat's Workshop} { } {} {Midgaard City} {} {[0\;37mInside [0\;37mCity } {} {1.000}
E { 3519} {s} {s} {4} {0} {} {1.000}

R { 3571} {0} {<178>} {The Auction House} { } {} {Midgaard City} {} {[0\;37mInside [0\;37mCity } {} {1.000}
E { 3519} {e} {e} {2} {0} {} {1.000}

R { 3573} {0} {<118>} {} { } {} {} {} {} {} {1.000}

R { 6120} {0} {<118>} {} { } {} {} {} {} {} {1.000}

R { 6121} {0} {<118>} {} { } {} {} {} {} {} {1.000}

R { 6122} {0} {<118>} {} { } {} {} {} {} {} {1.000}

R { 6123} {0} {<118>} {} { } {} {} {} {} {} {1.000}

R { 6138} {0} {<118>} {} { } {} {} {} {} {} {1.000}

R { 6139} {0} {<178>} {A Trail Through the Forest of Haon-Dor} { } {} {Haon-Dor Forest} {} {[0\;37mTrail } {} {1.000}
E { 3052} {e} {e} {2} {0} {} {1.000}
E { 6140} {w} {w} {8} {0} {} {1.000}

R { 6140} {0} {<178>} {An Intersection in the Forest of Haon-Dor} { } {} {Haon-Dor Forest} {} {[0\;37mTrail } {} {1.000}
E { 6139} {e} {e} {2} {0} {} {1.000}
E { 6138} {n} {n} {1} {0} {} {1.000}
E { 3065} {s} {s} {4} {0} {} {1.000}
E { 6141} {w} {w} {8} {0} {} {1.000}

R { 6141} {0} {<178>} {A Trail Through the Forest of Haon-Dor} { } {} {Haon-Dor Forest} {} {[0\;37mTrail } {} {1.000}
E { 6140} {e} {e} {2} {0} {} {1.000}
E { 6142} {w} {w} {8} {0} {} {1.000}

R { 6142} {0} {<178>} {A Trail Through the Forest of Haon-Dor} { } {} {Haon-Dor Forest} {} {[0\;37mTrail } {} {1.000}
E { 6141} {e} {e} {2} {0} {} {1.000}
E { 6120} {s} {s} {4} {0} {} {1.000}
E { 6143} {w} {w} {8} {0} {} {1.000}

R { 6143} {0} {<178>} {A Trail Through the Forest of Haon-Dor} { } {} {Haon-Dor Forest} {} {[0\;37mTrail } {} {1.000}
E { 6142} {e} {e} {2} {0} {} {1.000}
E { 6121} {s} {s} {4} {0} {} {1.000}
E { 6144} {w} {w} {8} {0} {} {1.000}

R { 6144} {0} {<178>} {A Trail Through the Forest of Haon-Dor} { } {} {Haon-Dor Forest} {} {[0\;37mTrail } {} {1.000}
E { 6143} {e} {e} {2} {0} {} {1.000}
E { 6122} {s} {s} {4} {0} {} {1.000}
E { 6145} {w} {w} {8} {0} {} {1.000}

R { 6145} {0} {<178>} {A Trail Through the Forest of Haon-Dor} { } {} {Haon-Dor Forest} {} {[0\;37mTrail } {} {1.000}
E { 6144} {e} {e} {2} {0} {} {1.000}
E { 6197} {n} {n} {1} {0} {} {1.000}
E { 6123} {s} {s} {4} {0} {} {1.000}
E { 6146} {w} {w} {8} {0} {} {1.000}

R { 6146} {0} {<178>} {A Trail Through the Forest of Haon-Dor} { } {} {Haon-Dor Forest} {} {[0\;37mTrail } {} {1.000}
E { 6145} {e} {e} {2} {0} {} {1.000}
E { 6147} {w} {w} {8} {0} {} {1.000}

R { 6147} {0} {<178>} {A Trail Through the Forest of Haon-Dor} { } {} {Haon-Dor Forest} {} {[0\;37mTrail } {} {1.000}
E { 6146} {e} {e} {2} {0} {} {1.000}
E { 6158} {n} {n} {1} {0} {} {1.000}
E { 6148} {s} {s} {4} {0} {} {1.000}
E {13201} {enter tree} {enter tree} {0} {0} {} {1.000}

R { 6148} {0} {<118>} {} { } {} {} {} {} {} {1.000}

R { 6149} {0} {<178>} {Bend in the Trail} { } {} {Haon-Dor Forest} {} {[0\;37mTrail } {} {1.000}
E {31701} {e} {e} {2} {0} {} {1.000}
E { 6158} {s} {s} {4} {0} {} {1.000}
E { 6165} {w} {w} {8} {0} {} {1.000}

R { 6158} {0} {<178>} {The Forest of Haon-Dor} { } {} {Haon-Dor Forest} {} {[0\;32mForest } {} {1.000}
E { 6149} {n} {n} {1} {0} {} {1.000}
E { 6147} {s} {s} {4} {0} {} {1.000}

R { 6164} {0} {<178>} {The Dark Forest of Haon-Dor} { } {} {Haon-Dor Forest} {} {[0\;32mForest } {} {1.000}
E { 6170} {n} {n} {1} {0} {} {1.000}
E { 6165} {s} {s} {4} {0} {} {1.000}

R { 6165} {0} {<178>} {The Dark Forest of Haon-Dor} { } {} {Haon-Dor Forest} {} {[0\;32mForest } {} {1.000}
E { 6149} {e} {e} {2} {0} {} {1.000}
E { 6164} {n} {n} {1} {0} {} {1.000}

R { 6166} {0} {<118>} {} { } {} {} {} {} {} {1.000}

R { 6170} {0} {<178>} {Before a Huge Tree} { } {} {Haon-Dor Forest} {} {[0\;32mForest } {} {1.000}
E { 6166} {e} {e} {2} {0} {} {1.000}
E {   13} {n} {open knot;n} {1} {0} {} {1.000}
E { 6164} {s} {s} {4} {0} {} {1.000}

R { 6197} {0} {<118>} {} { } {} {} {} {} {} {1.000}

R { 6262} {0} {<178>} {Behind the Tree} { } {} {Tombs of Tarin} {} {[0\;32mForest } {} {1.000}
E { 6170} {s} {open knot;s} {4} {0} {} {1.000}
E { 6271} {u} {u} {16} {0} {} {1.000}

R { 6271} {0} {<118>} {} { } {} {} {} {} {} {1.000}

R {13200} {0} {<178>} {The Shop Inside the Tree} { } {} {Meta Shop} {} {[0\;37mInside } {} {1.000}
E {13201} {e} {e} {2} {0} {} {1.000}

R {13201} {0} {<178>} {Entrance to the Sage's Shop} { } {} {Meta Shop} {} {[0\;37mInside } {} {1.000}
E { 6147} {e} {e} {2} {0} {} {1.000}
E {13200} {w} {w} {8} {0} {} {1.000}

R {13883} {0} {<118>} {} { } {} {} {} {} {} {1.000}

R {14000} {0} {<178>} {Entrance to the Training Grounds} { } {} {Towers of Training} {} {[0\;37mCity } {} {1.000}
E { 3087} {n} {n} {1} {0} {} {1.000}
E {   20} {s} {s} {4} {0} {} {1.000}

R {31701} {0} {<118>} {} { } {} {} {} {} {} {1.000}

R {33900} {0} {<178>} {Along the Battlefield} { } {} {Xendorian Outpost} {} {[0\;37mInside } {} {1.000}
E {33919} {n} {n} {1} {0} {} {1.000}
E {33924} {s} {s} {4} {0} {} {1.000}

R {33901} {0} {<178>} {Western Frontlines} { } {} {Xendorian Outpost} {} {[1\;32mField } {} {1.000}
E {33902} {e} {e} {2} {0} {} {1.000}
E {33908} {s} {s} {4} {0} {} {1.000}

R {33902} {0} {<178>} {Western Frontlines} { } {} {Xendorian Outpost} {} {[1\;32mField } {} {1.000}
E {33909} {s} {s} {4} {0} {} {1.000}
E {33901} {w} {w} {8} {0} {} {1.000}

R {33903} {0} {<178>} {Western Frontlines} { } {} {Xendorian Outpost} {} {[1\;32mField } {} {1.000}
E {33911} {s} {s} {4} {0} {} {1.000}

R {33904} {0} {<178>} {Eastern Frontlines} { } {} {Xendorian Outpost} {} {[1\;32mField } {} {1.000}
E {33912} {s} {s} {4} {0} {} {1.000}

R {33905} {0} {<178>} {Eastern Frontlines} { } {} {Xendorian Outpost} {} {[1\;32mField } {} {1.000}
E {33906} {e} {e} {2} {0} {} {1.000}
E {33914} {s} {s} {4} {0} {} {1.000}

R {33906} {0} {<178>} {Eastern Frontlines} { } {} {Xendorian Outpost} {} {[1\;32mField } {} {1.000}
E {33915} {s} {s} {4} {0} {} {1.000}
E {33905} {w} {w} {8} {0} {} {1.000}

R {33907} {0} {<178>} {Western Frontlines} { } {} {Xendorian Outpost} {} {[1\;32mField } {} {1.000}
E {33908} {e} {e} {2} {0} {} {1.000}
E {33917} {s} {s} {4} {0} {} {1.000}

R {33908} {0} {<178>} {Western Frontlines} { } {} {Xendorian Outpost} {} {[1\;32mField } {} {1.000}
E {33909} {e} {e} {2} {0} {} {1.000}
E {33901} {n} {n} {1} {0} {} {1.000}
E {33918} {s} {s} {4} {0} {} {1.000}
E {33907} {w} {w} {8} {0} {} {1.000}

R {33909} {0} {<178>} {Western Frontlines} { } {} {Xendorian Outpost} {} {[1\;32mField } {} {1.000}
E {33910} {e} {e} {2} {0} {} {1.000}
E {33902} {n} {n} {1} {0} {} {1.000}
E {33919} {s} {s} {4} {0} {} {1.000}
E {33908} {w} {w} {8} {0} {} {1.000}

R {33910} {0} {<178>} {Western Frontlines} { } {} {Xendorian Outpost} {} {[1\;32mField } {} {1.000}
E {33911} {e} {e} {2} {0} {} {1.000}
E {33920} {s} {s} {4} {0} {} {1.000}
E {33909} {w} {w} {8} {0} {} {1.000}

R {33911} {0} {<178>} {Western Frontlines} { } {} {Xendorian Outpost} {} {[1\;32mField } {} {1.000}
E {33903} {n} {n} {1} {0} {} {1.000}
E {33921} {s} {s} {4} {0} {} {1.000}
E {33910} {w} {w} {8} {0} {} {1.000}

R {33912} {0} {<178>} {Eastern Frontlines} { } {} {Xendorian Outpost} {} {[1\;32mField } {} {1.000}
E {33913} {e} {e} {2} {0} {} {1.000}
E {33904} {n} {n} {1} {0} {} {1.000}
E {33922} {s} {s} {4} {0} {} {1.000}

R {33913} {0} {<178>} {Eastern Frontlines} { } {} {Xendorian Outpost} {} {[1\;32mField } {} {1.000}
E {33914} {e} {e} {2} {0} {} {1.000}
E {33923} {s} {s} {4} {0} {} {1.000}
E {33912} {w} {w} {8} {0} {} {1.000}

R {33914} {0} {<178>} {Eastern Frontlines} { } {} {Xendorian Outpost} {} {[1\;32mField } {} {1.000}
E {33915} {e} {e} {2} {0} {} {1.000}
E {33905} {n} {n} {1} {0} {} {1.000}
E {33924} {s} {s} {4} {0} {} {1.000}
E {33913} {w} {w} {8} {0} {} {1.000}

R {33915} {0} {<178>} {Eastern Frontlines} { } {} {Xendorian Outpost} {} {[1\;32mField } {} {1.000}
E {33916} {e} {e} {2} {0} {} {1.000}
E {33906} {n} {n} {1} {0} {} {1.000}
E {33925} {s} {s} {4} {0} {} {1.000}
E {33914} {w} {w} {8} {0} {} {1.000}

R {33916} {0} {<178>} {Eastern Frontlines} { } {} {Xendorian Outpost} {} {[1\;32mField } {} {1.000}
E {33926} {s} {s} {4} {0} {} {1.000}
E {33915} {w} {w} {8} {0} {} {1.000}
E {33909} {enter portal} {enter portal} {0} {0} {} {1.000}

R {33917} {0} {<178>} {Western Frontlines} { } {} {Xendorian Outpost} {} {[1\;32mField } {} {1.000}
E {33918} {e} {e} {2} {0} {} {1.000}
E {33907} {n} {n} {1} {0} {} {1.000}

R {33918} {0} {<178>} {Western Frontlines} { } {} {Xendorian Outpost} {} {[1\;32mField } {} {1.000}
E {33919} {e} {e} {2} {0} {} {1.000}
E {33908} {n} {n} {1} {0} {} {1.000}
E {33927} {s} {s} {4} {0} {} {1.000}
E {33917} {w} {w} {8} {0} {} {1.000}

R {33919} {0} {<178>} {Western Frontlines} { } {} {Xendorian Outpost} {} {[1\;32mField } {} {1.000}
E {33920} {e} {e} {2} {0} {} {1.000}
E {33909} {n} {n} {1} {0} {} {1.000}
E {33928} {s} {s} {4} {0} {} {1.000}
E {33918} {w} {w} {8} {0} {} {1.000}
E {33943} {enter portal} {enter portal} {0} {0} {} {1.000}

R {33920} {0} {<178>} {Western Frontlines} { } {} {Xendorian Outpost} {} {[1\;32mField } {} {1.000}
E {33921} {e} {e} {2} {0} {} {1.000}
E {33910} {n} {n} {1} {0} {} {1.000}
E {33919} {w} {w} {8} {0} {} {1.000}

R {33921} {0} {<178>} {Western Frontlines} { } {} {Xendorian Outpost} {} {[1\;32mField } {} {1.000}
E {33911} {n} {n} {1} {0} {} {1.000}
E {33929} {s} {s} {4} {0} {} {1.000}
E {33920} {w} {w} {8} {0} {} {1.000}

R {33922} {0} {<178>} {Eastern Frontlines} { } {} {Xendorian Outpost} {} {[1\;32mField } {} {1.000}
E {33923} {e} {e} {2} {0} {} {1.000}
E {33912} {n} {n} {1} {0} {} {1.000}
E {33930} {s} {s} {4} {0} {} {1.000}
E {33948} {enter portal} {enter portal} {0} {0} {} {1.000}

R {33923} {0} {<178>} {Eastern Frontlines} { } {} {Xendorian Outpost} {} {[1\;32mField } {} {1.000}
E {33924} {e} {e} {2} {0} {} {1.000}
E {33913} {n} {n} {1} {0} {} {1.000}
E {33922} {w} {w} {8} {0} {} {1.000}

R {33924} {0} {<178>} {Eastern Frontlines} { } {} {Xendorian Outpost} {} {[1\;32mField } {} {1.000}
E {33925} {e} {e} {2} {0} {} {1.000}
E {33914} {n} {n} {1} {0} {} {1.000}
E {33931} {s} {s} {4} {0} {} {1.000}
E {33923} {w} {w} {8} {0} {} {1.000}

R {33925} {0} {<178>} {Eastern Frontlines} { } {} {Xendorian Outpost} {} {[1\;32mField } {} {1.000}
E {33926} {e} {e} {2} {0} {} {1.000}
E {33915} {n} {n} {1} {0} {} {1.000}
E {33932} {s} {s} {4} {0} {} {1.000}
E {33924} {w} {w} {8} {0} {} {1.000}

R {33926} {0} {<178>} {Eastern Frontlines} { } {} {Xendorian Outpost} {} {[1\;32mField } {} {1.000}
E {33916} {n} {n} {1} {0} {} {1.000}
E {33925} {w} {w} {8} {0} {} {1.000}

R {33927} {0} {<178>} {Western Frontlines} { } {} {Xendorian Outpost} {} {[1\;32mField } {} {1.000}
E {33928} {e} {e} {2} {0} {} {1.000}
E {33918} {n} {n} {1} {0} {} {1.000}

R {33928} {0} {<178>} {Western Frontlines} { } {} {Xendorian Outpost} {} {[1\;32mField } {} {1.000}
E {33919} {n} {n} {1} {0} {} {1.000}
E {33927} {w} {w} {8} {0} {} {1.000}

R {33929} {0} {<178>} {Western Frontlines} { } {} {Xendorian Outpost} {} {[1\;32mField } {} {1.000}
E {33921} {n} {n} {1} {0} {} {1.000}

R {33930} {0} {<178>} {Eastern Frontlines} { } {} {Xendorian Outpost} {} {[1\;32mField } {} {1.000}
E {33922} {n} {n} {1} {0} {} {1.000}

R {33931} {0} {<178>} {Eastern Frontlines} { } {} {Xendorian Outpost} {} {[1\;32mField } {} {1.000}
E {33932} {e} {e} {2} {0} {} {1.000}
E {33924} {n} {n} {1} {0} {} {1.000}

R {33932} {0} {<178>} {Eastern Frontlines} { } {} {Xendorian Outpost} {} {[1\;32mField } {} {1.000}
E {33925} {n} {n} {1} {0} {} {1.000}
E {33931} {w} {w} {8} {0} {} {1.000}

R {33934} {0} {<178>} {Western Midranks} { } {} {Xendorian Outpost} {} {[1\;32mField } {} {1.000}
E {33935} {e} {e} {2} {0} {} {1.000}
E {33941} {s} {s} {4} {0} {} {1.000}

R {33935} {0} {<178>} {Western Midranks} { } {} {Xendorian Outpost} {} {[1\;32mField } {} {1.000}
E {33942} {s} {s} {4} {0} {} {1.000}
E {33934} {w} {w} {8} {0} {} {1.000}

R {33936} {0} {<178>} {Western Midranks} { } {} {Xendorian Outpost} {} {[1\;32mField } {} {1.000}
E {33944} {s} {s} {4} {0} {} {1.000}

R {33937} {0} {<178>} {Eastern Midranks} { } {} {Xendorian Outpost} {} {[1\;32mField } {} {1.000}
E {33945} {s} {s} {4} {0} {} {1.000}

R {33938} {0} {<178>} {Eastern Midranks} { } {} {Xendorian Outpost} {} {[1\;32mField } {} {1.000}
E {33939} {e} {e} {2} {0} {} {1.000}
E {33947} {s} {s} {4} {0} {} {1.000}
E {33924} {enter portal} {enter portal} {0} {0} {} {1.000}

R {33939} {0} {<178>} {Eastern Midranks} { } {} {Xendorian Outpost} {} {[1\;32mField } {} {1.000}
E {33948} {s} {s} {4} {0} {} {1.000}
E {33938} {w} {w} {8} {0} {} {1.000}

R {33940} {0} {<178>} {Western Midranks} { } {} {Xendorian Outpost} {} {[1\;32mField } {} {1.000}
E {33941} {e} {e} {2} {0} {} {1.000}
E {33950} {s} {s} {4} {0} {} {1.000}

R {33941} {0} {<178>} {Western Midranks} { } {} {Xendorian Outpost} {} {[1\;32mField } {} {1.000}
E {33942} {e} {e} {2} {0} {} {1.000}
E {33934} {n} {n} {1} {0} {} {1.000}
E {33951} {s} {s} {4} {0} {} {1.000}
E {33940} {w} {w} {8} {0} {} {1.000}

R {33942} {0} {<178>} {Western Midranks} { } {} {Xendorian Outpost} {} {[1\;32mField } {} {1.000}
E {33943} {e} {e} {2} {0} {} {1.000}
E {33935} {n} {n} {1} {0} {} {1.000}
E {33952} {s} {s} {4} {0} {} {1.000}
E {33941} {w} {w} {8} {0} {} {1.000}

R {33943} {0} {<178>} {Western Midranks} { } {} {Xendorian Outpost} {} {[1\;32mField } {} {1.000}
E {33944} {e} {e} {2} {0} {} {1.000}
E {33953} {s} {s} {4} {0} {} {1.000}
E {33942} {w} {w} {8} {0} {} {1.000}
E {   18} {enter portal} {enter portal} {0} {0} {} {1.000}

R {33944} {0} {<178>} {Western Midranks} { } {} {Xendorian Outpost} {} {[1\;32mField } {} {1.000}
E {33936} {n} {n} {1} {0} {} {1.000}
E {33954} {s} {s} {4} {0} {} {1.000}
E {33943} {w} {w} {8} {0} {} {1.000}

R {33945} {0} {<178>} {Eastern Midranks} { } {} {Xendorian Outpost} {} {[1\;32mField } {} {1.000}
E {33946} {e} {e} {2} {0} {} {1.000}
E {33937} {n} {n} {1} {0} {} {1.000}
E {33955} {s} {s} {4} {0} {} {1.000}

R {33946} {0} {<178>} {Eastern Midranks} { } {} {Xendorian Outpost} {} {[1\;32mField } {} {1.000}
E {33947} {e} {e} {2} {0} {} {1.000}
E {33956} {s} {s} {4} {0} {} {1.000}
E {33945} {w} {w} {8} {0} {} {1.000}

R {33947} {0} {<178>} {Eastern Midranks} { } {} {Xendorian Outpost} {} {[1\;32mField } {} {1.000}
E {33948} {e} {e} {2} {0} {} {1.000}
E {33938} {n} {n} {1} {0} {} {1.000}
E {33957} {s} {s} {4} {0} {} {1.000}
E {33946} {w} {w} {8} {0} {} {1.000}
E {33951} {enter portal} {enter portal} {0} {0} {} {1.000}

R {33948} {0} {<178>} {Eastern Midranks} { } {} {Xendorian Outpost} {} {[1\;32mField } {} {1.000}
E {33949} {e} {e} {2} {0} {} {1.000}
E {33939} {n} {n} {1} {0} {} {1.000}
E {33958} {s} {s} {4} {0} {} {1.000}
E {33947} {w} {w} {8} {0} {} {1.000}

R {33949} {0} {<178>} {Eastern Midranks} { } {} {Xendorian Outpost} {} {[1\;32mField } {} {1.000}
E {33959} {s} {s} {4} {0} {} {1.000}
E {33948} {w} {w} {8} {0} {} {1.000}

R {33950} {0} {<178>} {Western Midranks} { } {} {Xendorian Outpost} {} {[1\;32mField } {} {1.000}
E {33951} {e} {e} {2} {0} {} {1.000}
E {33940} {n} {n} {1} {0} {} {1.000}

R {33951} {0} {<178>} {Western Midranks} { } {} {Xendorian Outpost} {} {[1\;32mField } {} {1.000}
E {33952} {e} {e} {2} {0} {} {1.000}
E {33941} {n} {n} {1} {0} {} {1.000}
E {33960} {s} {s} {4} {0} {} {1.000}
E {33950} {w} {w} {8} {0} {} {1.000}
E {33975} {enter portal} {enter portal} {0} {0} {} {1.000}

R {33952} {0} {<178>} {Western Midranks} { } {} {Xendorian Outpost} {} {[1\;32mField } {} {1.000}
E {33953} {e} {e} {2} {0} {} {1.000}
E {33942} {n} {n} {1} {0} {} {1.000}
E {33961} {s} {s} {4} {0} {} {1.000}
E {33951} {w} {w} {8} {0} {} {1.000}

R {33953} {0} {<178>} {Western Midranks} { } {} {Xendorian Outpost} {} {[1\;32mField } {} {1.000}
E {33954} {e} {e} {2} {0} {} {1.000}
E {33943} {n} {n} {1} {0} {} {1.000}
E {33952} {w} {w} {8} {0} {} {1.000}

R {33954} {0} {<178>} {Western Midranks} { } {} {Xendorian Outpost} {} {[1\;32mField } {} {1.000}
E {33944} {n} {n} {1} {0} {} {1.000}
E {33962} {s} {s} {4} {0} {} {1.000}
E {33953} {w} {w} {8} {0} {} {1.000}

R {33955} {0} {<178>} {Eastern Midranks} { } {} {Xendorian Outpost} {} {[1\;32mField } {} {1.000}
E {33956} {e} {e} {2} {0} {} {1.000}
E {33945} {n} {n} {1} {0} {} {1.000}
E {33963} {s} {s} {4} {0} {} {1.000}

R {33956} {0} {<178>} {Eastern Midranks} { } {} {Xendorian Outpost} {} {[1\;32mField } {} {1.000}
E {33957} {e} {e} {2} {0} {} {1.000}
E {33946} {n} {n} {1} {0} {} {1.000}
E {33955} {w} {w} {8} {0} {} {1.000}

R {33957} {0} {<178>} {Eastern Midranks} { } {} {Xendorian Outpost} {} {[1\;32mField } {} {1.000}
E {33958} {e} {e} {2} {0} {} {1.000}
E {33947} {n} {n} {1} {0} {} {1.000}
E {33964} {s} {s} {4} {0} {} {1.000}
E {33956} {w} {w} {8} {0} {} {1.000}

R {33958} {0} {<178>} {Eastern Midranks} { } {} {Xendorian Outpost} {} {[1\;32mField } {} {1.000}
E {33959} {e} {e} {2} {0} {} {1.000}
E {33948} {n} {n} {1} {0} {} {1.000}
E {33965} {s} {s} {4} {0} {} {1.000}
E {33957} {w} {w} {8} {0} {} {1.000}

R {33959} {0} {<178>} {Eastern Midranks} { } {} {Xendorian Outpost} {} {[1\;32mField } {} {1.000}
E {33949} {n} {n} {1} {0} {} {1.000}
E {33958} {w} {w} {8} {0} {} {1.000}

R {33960} {0} {<178>} {Western Midranks} { } {} {Xendorian Outpost} {} {[1\;32mField } {} {1.000}
E {33961} {e} {e} {2} {0} {} {1.000}
E {33951} {n} {n} {1} {0} {} {1.000}

R {33961} {0} {<178>} {Western Midranks} { } {} {Xendorian Outpost} {} {[1\;32mField } {} {1.000}
E {33952} {n} {n} {1} {0} {} {1.000}
E {33960} {w} {w} {8} {0} {} {1.000}

R {33962} {0} {<178>} {Western Midranks} { } {} {Xendorian Outpost} {} {[1\;32mField } {} {1.000}
E {33954} {n} {n} {1} {0} {} {1.000}

R {33963} {0} {<178>} {Eastern Midranks} { } {} {Xendorian Outpost} {} {[1\;32mField } {} {1.000}
E {33955} {n} {n} {1} {0} {} {1.000}

R {33964} {0} {<178>} {Eastern Midranks} { } {} {Xendorian Outpost} {} {[1\;32mField } {} {1.000}
E {33965} {e} {e} {2} {0} {} {1.000}
E {33957} {n} {n} {1} {0} {} {1.000}

R {33965} {0} {<178>} {Eastern Midranks} { } {} {Xendorian Outpost} {} {[1\;32mField } {} {1.000}
E {33958} {n} {n} {1} {0} {} {1.000}
E {33964} {w} {w} {8} {0} {} {1.000}

R {33967} {0} {<178>} {Western Rearguard} { } {} {Xendorian Outpost} {} {[1\;32mField } {} {1.000}
E {33968} {e} {e} {2} {0} {} {1.000}
E {33974} {s} {s} {4} {0} {} {1.000}

R {33968} {0} {<178>} {Western Rearguard} { } {} {Xendorian Outpost} {} {[1\;32mField } {} {1.000}
E {33975} {s} {s} {4} {0} {} {1.000}
E {33967} {w} {w} {8} {0} {} {1.000}

R {33969} {0} {<178>} {Western Rearguard} { } {} {Xendorian Outpost} {} {[1\;32mField } {} {1.000}
E {33977} {s} {s} {4} {0} {} {1.000}
E {33942} {enter portal} {enter portal} {0} {0} {} {1.000}

R {33970} {0} {<178>} {Eastern Rearguard} { } {} {Xendorian Outpost} {} {[1\;32mField } {} {1.000}
E {33978} {s} {s} {4} {0} {} {1.000}
E {33957} {enter portal} {enter portal} {0} {0} {} {1.000}

R {33971} {0} {<178>} {Eastern Rearguard} { } {} {Xendorian Outpost} {} {[1\;32mField } {} {1.000}
E {33972} {e} {e} {2} {0} {} {1.000}
E {33980} {s} {s} {4} {0} {} {1.000}

R {33972} {0} {<178>} {Eastern Rearguard} { } {} {Xendorian Outpost} {} {[1\;32mField } {} {1.000}
E {33981} {s} {s} {4} {0} {} {1.000}
E {33971} {w} {w} {8} {0} {} {1.000}

R {33973} {0} {<178>} {Western Rearguard} { } {} {Xendorian Outpost} {} {[1\;32mField } {} {1.000}
E {33974} {e} {e} {2} {0} {} {1.000}
E {33983} {s} {s} {4} {0} {} {1.000}
E {33989} {enter portal} {enter portal} {0} {0} {} {1.000}

R {33974} {0} {<178>} {Western Rearguard} { } {} {Xendorian Outpost} {} {[1\;32mField } {} {1.000}
E {33975} {e} {e} {2} {0} {} {1.000}
E {33967} {n} {n} {1} {0} {} {1.000}
E {33984} {s} {s} {4} {0} {} {1.000}
E {33973} {w} {w} {8} {0} {} {1.000}

R {33975} {0} {<178>} {Western Rearguard} { } {} {Xendorian Outpost} {} {[1\;32mField } {} {1.000}
E {33976} {e} {e} {2} {0} {} {1.000}
E {33968} {n} {n} {1} {0} {} {1.000}
E {33985} {s} {s} {4} {0} {} {1.000}
E {33974} {w} {w} {8} {0} {} {1.000}

R {33976} {0} {<178>} {Western Rearguard} { } {} {Xendorian Outpost} {} {[1\;32mField } {} {1.000}
E {33977} {e} {e} {2} {0} {} {1.000}
E {33986} {s} {s} {4} {0} {} {1.000}
E {33975} {w} {w} {8} {0} {} {1.000}

R {33977} {0} {<178>} {Western Rearguard} { } {} {Xendorian Outpost} {} {[1\;32mField } {} {1.000}
E {33969} {n} {n} {1} {0} {} {1.000}
E {33987} {s} {s} {4} {0} {} {1.000}
E {33976} {w} {w} {8} {0} {} {1.000}

R {33978} {0} {<178>} {Eastern Rearguard} { } {} {Xendorian Outpost} {} {[1\;32mField } {} {1.000}
E {33979} {e} {e} {2} {0} {} {1.000}
E {33970} {n} {n} {1} {0} {} {1.000}
E {33988} {s} {s} {4} {0} {} {1.000}
E {33976} {enter portal} {enter portal} {0} {0} {} {1.000}

R {33979} {0} {<178>} {Eastern Rearguard} { } {} {Xendorian Outpost} {} {[1\;32mField } {} {1.000}
E {33980} {e} {e} {2} {0} {} {1.000}
E {33989} {s} {s} {4} {0} {} {1.000}
E {33978} {w} {w} {8} {0} {} {1.000}

R {33980} {0} {<178>} {Eastern Rearguard} { } {} {Xendorian Outpost} {} {[1\;32mField } {} {1.000}
E {33981} {e} {e} {2} {0} {} {1.000}
E {33971} {n} {n} {1} {0} {} {1.000}
E {33990} {s} {s} {4} {0} {} {1.000}
E {33979} {w} {w} {8} {0} {} {1.000}

R {33981} {0} {<178>} {Eastern Rearguard} { } {} {Xendorian Outpost} {} {[1\;32mField } {} {1.000}
E {33982} {e} {e} {2} {0} {} {1.000}
E {33972} {n} {n} {1} {0} {} {1.000}
E {33991} {s} {s} {4} {0} {} {1.000}
E {33980} {w} {w} {8} {0} {} {1.000}

R {33982} {0} {<178>} {Eastern Rearguard} { } {} {Xendorian Outpost} {} {[1\;32mField } {} {1.000}
E {33992} {s} {s} {4} {0} {} {1.000}
E {33981} {w} {w} {8} {0} {} {1.000}

R {33983} {0} {<178>} {Western Rearguard} { } {} {Xendorian Outpost} {} {[1\;32mField } {} {1.000}
E {33984} {e} {e} {2} {0} {} {1.000}
E {33973} {n} {n} {1} {0} {} {1.000}

R {33984} {0} {<178>} {Western Rearguard} { } {} {Xendorian Outpost} {} {[1\;32mField } {} {1.000}
E {33985} {e} {e} {2} {0} {} {1.000}
E {33974} {n} {n} {1} {0} {} {1.000}
E {33993} {s} {s} {4} {0} {} {1.000}
E {33983} {w} {w} {8} {0} {} {1.000}

R {33985} {0} {<178>} {Western Rearguard} { } {} {Xendorian Outpost} {} {[1\;32mField } {} {1.000}
E {33986} {e} {e} {2} {0} {} {1.000}
E {33975} {n} {n} {1} {0} {} {1.000}
E {33994} {s} {s} {4} {0} {} {1.000}
E {33984} {w} {w} {8} {0} {} {1.000}

R {33986} {0} {<178>} {Western Rearguard} { } {} {Xendorian Outpost} {} {[1\;32mField } {} {1.000}
E {33987} {e} {e} {2} {0} {} {1.000}
E {33976} {n} {n} {1} {0} {} {1.000}
E {33985} {w} {w} {8} {0} {} {1.000}

R {33987} {0} {<178>} {Western Rearguard} { } {} {Xendorian Outpost} {} {[1\;32mField } {} {1.000}
E {33977} {n} {n} {1} {0} {} {1.000}
E {33995} {s} {s} {4} {0} {} {1.000}
E {33986} {w} {w} {8} {0} {} {1.000}

R {33988} {0} {<178>} {Eastern Rearguard} { } {} {Xendorian Outpost} {} {[1\;32mField } {} {1.000}
E {33989} {e} {e} {2} {0} {} {1.000}
E {33978} {n} {n} {1} {0} {} {1.000}
E {33996} {s} {s} {4} {0} {} {1.000}

R {33989} {0} {<178>} {Eastern Rearguard} { } {} {Xendorian Outpost} {} {[1\;32mField } {} {1.000}
E {33990} {e} {e} {2} {0} {} {1.000}
E {33979} {n} {n} {1} {0} {} {1.000}
E {33988} {w} {w} {8} {0} {} {1.000}

R {33990} {0} {<178>} {Eastern Rearguard} { } {} {Xendorian Outpost} {} {[1\;32mField } {} {1.000}
E {33991} {e} {e} {2} {0} {} {1.000}
E {33980} {n} {n} {1} {0} {} {1.000}
E {33997} {s} {s} {4} {0} {} {1.000}
E {33989} {w} {w} {8} {0} {} {1.000}

R {33991} {0} {<178>} {Eastern Rearguard} { } {} {Xendorian Outpost} {} {[1\;32mField } {} {1.000}
E {33992} {e} {e} {2} {0} {} {1.000}
E {33981} {n} {n} {1} {0} {} {1.000}
E {33998} {s} {s} {4} {0} {} {1.000}
E {33990} {w} {w} {8} {0} {} {1.000}

R {33992} {0} {<178>} {Eastern Rearguard} { } {} {Xendorian Outpost} {} {[1\;32mField } {} {1.000}
E {33982} {n} {n} {1} {0} {} {1.000}
E {33991} {w} {w} {8} {0} {} {1.000}

R {33993} {0} {<178>} {Western Rearguard} { } {} {Xendorian Outpost} {} {[1\;32mField } {} {1.000}
E {33994} {e} {e} {2} {0} {} {1.000}
E {33984} {n} {n} {1} {0} {} {1.000}

R {33994} {0} {<178>} {Western Rearguard} { } {} {Xendorian Outpost} {} {[1\;32mField } {} {1.000}
E {33985} {n} {n} {1} {0} {} {1.000}
E {33993} {w} {w} {8} {0} {} {1.000}

R {33995} {0} {<178>} {Western Rearguard} { } {} {Xendorian Outpost} {} {[1\;32mField } {} {1.000}
E {33987} {n} {n} {1} {0} {} {1.000}

R {33996} {0} {<178>} {Eastern Rearguard} { } {} {Xendorian Outpost} {} {[1\;32mField } {} {1.000}
E {33988} {n} {n} {1} {0} {} {1.000}

R {33997} {0} {<178>} {Eastern Rearguard} { } {} {Xendorian Outpost} {} {[1\;32mField } {} {1.000}
E {33998} {e} {e} {2} {0} {} {1.000}
E {33990} {n} {n} {1} {0} {} {1.000}

R {33998} {0} {<178>} {Eastern Rearguard} { } {} {Xendorian Outpost} {} {[1\;32mField } {} {1.000}
E {33991} {n} {n} {1} {0} {} {1.000}
E {33997} {w} {w} {8} {0} {} {1.000}

R {60190} {0} {<178>} {The mad Tower of Mew!} { } {} {Mortal Residences} {} {[0\;37mCity } {} {1.000}
E {    6} {d} {d} {32} {0} {} {1.000}
E {    7} {n} {n} {1} {0} {} {1.000}

R {60191} {0} {<178>} {The Mad Tower of mew!} { } {} {Mortal Residences} {} {[0\;37mInside } {} {1.000}
E {    8} {d} {d} {32} {0} {} {1.000}
E {    9} {u} {u} {16} {0} {} {1.000}
